---
source: crates/tmark-writers/tests/fixtures.rs
expression: snapshot
---
The proof holds. #ts-comment[cite Knuth here]

---requires---
{
  "packages": [
    "ulem",
    "xcolor"
  ],
  "fragments": [
    "ts-critic"
  ],
  "shell_escape": false,
  "assets": [],
  "bibliography": false,
  "citations": [],
  "acronyms": [],
  "index": [],
  "counters": []
}
