---
source: crates/tmark-writers/tests/fixtures.rs
expression: snapshot
---
<p>The HTML spec<sup class="footnote-ref"><a href="#fn-1" id="fnref-1">1</a></sup> is maintained by the W3C.</p>
<section class="footnotes">
<ol>
<li id="fn-1">The living standard. <a href="#fnref-1" class="footnote-backref">↩</a></li>
</ol>
</section>

---requires---
{
  "packages": [],
  "fragments": [],
  "shell_escape": false,
  "assets": [],
  "bibliography": false,
  "citations": [],
  "acronyms": [],
  "index": [],
  "counters": []
}
