---
source: crates/tmark-writers/tests/fixtures.rs
expression: snapshot
---
<div class="grid cards">
<p>Some <strong>bold</strong> inside.</p>
</div>

---requires---
{
  "packages": [],
  "fragments": [],
  "shell_escape": false,
  "assets": [],
  "bibliography": false,
  "citations": [],
  "acronyms": [],
  "index": [],
  "counters": []
}
