---
source: crates/tmark-writers/tests/fixtures.rs
expression: snapshot
---
#ts-callout(kind: "warning", title: [LaTeX toolchain])[
Install TeX Live before `texsmith --build`.
]

---requires---
{
  "packages": [
    "tcolorbox",
    "xcolor"
  ],
  "fragments": [
    "ts-callouts"
  ],
  "shell_escape": false,
  "assets": [],
  "bibliography": false,
  "citations": [],
  "acronyms": [],
  "index": [],
  "counters": []
}
