---
source: crates/tmark-writers/tests/fixtures.rs
expression: snapshot
---
<p>A <del class="critic">redundant</del> word, and <code>{--not this--}</code> in code.</p>

---requires---
{
  "packages": [],
  "fragments": [],
  "shell_escape": false,
  "assets": [],
  "bibliography": false,
  "citations": [],
  "acronyms": [],
  "index": [],
  "counters": []
}
