---
source: crates/tmark-writers/tests/fixtures.rs
expression: snapshot
---
A {--deleted--} word, a \[\[Wiki Page\]\].

a. first fancy item

---requires---
{
  "packages": [],
  "fragments": [],
  "shell_escape": false,
  "assets": [],
  "bibliography": false,
  "citations": [],
  "acronyms": [],
  "index": [],
  "counters": []
}
