---
source: crates/tmark-writers/tests/fixtures.rs
expression: snapshot
---
<p>Hooke's law<span role="note" class="left">linear only at small strain</span> holds.</p>

---requires---
{
  "packages": [],
  "fragments": [],
  "shell_escape": false,
  "assets": [],
  "bibliography": false,
  "citations": [],
  "acronyms": [],
  "index": [],
  "counters": []
}
