---
source: crates/tmark-writers/tests/fixtures.rs
expression: snapshot
---
Built with as but not \tscodeinline{\{\{ code \}\}}.

---requires---
{
  "packages": [
    "fvextra",
    "tcolorbox"
  ],
  "fragments": [
    "ts-code"
  ],
  "shell_escape": false,
  "assets": [],
  "bibliography": false,
  "citations": [],
  "acronyms": [],
  "index": [],
  "counters": []
}
