---
source: crates/tmark-writers/tests/fixtures.rs
expression: snapshot
---
<p>Ship it 🚀 😄 at 12:30:45.</p>

---requires---
{
  "packages": [],
  "fragments": [],
  "shell_escape": false,
  "assets": [],
  "bibliography": false,
  "citations": [],
  "acronyms": [],
  "index": [],
  "counters": []
}
