---
source: crates/tmark-writers/tests/fixtures.rs
expression: snapshot
---
A \tsdel{redundant} word, and \tscodeinline{\{-\allowbreak{}-\allowbreak{}not this-\allowbreak{}-\allowbreak{}\}} in code.

---requires---
{
  "packages": [
    "fvextra",
    "tcolorbox",
    "ulem",
    "xcolor"
  ],
  "fragments": [
    "ts-code",
    "ts-critic"
  ],
  "shell_escape": false,
  "assets": [],
  "bibliography": false,
  "citations": [],
  "acronyms": [],
  "index": [],
  "counters": []
}
