---
source: crates/tmark-writers/tests/fixtures.rs
expression: snapshot
---
<table>
<thead>
<tr>
<th>A</th>
<th>B</th>
<th>C</th>
</tr>
</thead>
<tbody>
<tr>
<td>1</td>
<td>2</td>
<td>3</td>
</tr>
</tbody>
</table>
<p id="tbl:cfg" class="caption">Table: Config.</p>

---requires---
{
  "packages": [],
  "fragments": [],
  "shell_escape": false,
  "assets": [],
  "bibliography": false,
  "citations": [],
  "acronyms": [],
  "index": [],
  "counters": []
}
