---
source: crates/tmark-writers/tests/web.rs
expression: snapshot
---
---
press:
  declare:
    counters:
      fw: {name: Finding, format: "FW-{n:02d}"}
---

<span class="ts-counter" id="fw:boot-loop" data-counter="fw" data-key="boot-loop">FW-01</span> The firmware reboots when the watchdog fires.
