---
source: crates/tmark-fmt/tests/mkdocs.rs
expression: mkdocs(&canonical)
---
---
press:
  sources:
    bibliography:
      ein05: {type: article, author: "Einstein, Albert", year: 1905, title: Zur Elektrodynamik bewegter Körper}
      AI2027: {type: report, author: "Kokotajlo, Daniel", year: 2025, title: AI 2027}
---

Slow to talk [^ein05], said the tutor. ^[ein05,AI2027] He failed the test, @doi:10.1007/s00016-014-0153-5 see [^AI2027] and [^note].

[^note]: A real footnote.
