---
source: crates/tmark-fmt/tests/mkdocs.rs
expression: mkdocs(&canonical)
---
---
press:
  declare:
    counters:
      fw: {name: Finding, format: "FW-{n:02d}"}
---

#{fw:boot} A finding.

::: texsmith.core.counters
```
options:
  show_source: false
```

Prose after the directive still refers to @fw:boot.
:::
